Timing is on.
Pager usage is off.
scale=1m
query=recent_comments explain
                                                                                    QUERY PLAN
-----------------------------------------------------------------------------------------------------------------------------------------------------------------------------------
 Limit  (cost=1.13..220.55 rows=10 width=135) (actual time=0.051..0.085 rows=10 loops=1)
   Buffers: shared hit=117
   ->  Nested Loop  (cost=1.13..210518.42 rows=9594 width=135) (actual time=0.050..0.083 rows=10 loops=1)
         Buffers: shared hit=117
         ->  Nested Loop  (cost=0.84..49627.18 rows=9594 width=113) (actual time=0.021..0.034 rows=10 loops=1)
               Buffers: shared hit=44
               ->  Index Scan using idx_comments_user_created_id on comments c1_0  (cost=0.42..22227.12 rows=9783 width=87) (actual time=0.014..0.017 rows=10 loops=1)
                     Index Cond: (user_id = '00000001-0000-4000-8000-000000000001'::uuid)
                     Filter: (deleted_at IS NULL)
                     Buffers: shared hit=4
               ->  Index Scan using pk_articles on articles a1_0  (cost=0.42..2.80 rows=1 width=42) (actual time=0.001..0.001 rows=1 loops=10)
                     Index Cond: (id = c1_0.article_id)
                     Filter: (deleted_at IS NULL)
                     Buffers: shared hit=40
         ->  Materialize  (cost=0.29..8.31 rows=1 width=30) (actual time=0.001..0.001 rows=1 loops=10)
               Buffers: shared hit=3
               ->  Index Scan using pk_users on users u1_0  (cost=0.29..8.30 rows=1 width=30) (actual time=0.004..0.004 rows=1 loops=1)
                     Index Cond: (id = '00000001-0000-4000-8000-000000000001'::uuid)
                     Filter: (deleted_at IS NULL)
                     Buffers: shared hit=3
         SubPlan 1
           ->  Aggregate  (cost=16.75..16.76 rows=1 width=8) (actual time=0.004..0.004 rows=1 loops=10)
                 Buffers: shared hit=70
                 ->  Nested Loop  (cost=0.71..16.74 rows=1 width=16) (actual time=0.003..0.003 rows=1 loops=10)
                       Buffers: shared hit=70
                       ->  Index Scan using uk_comment_likes_comment_liked_by on comment_likes cl1_0  (cost=0.42..8.44 rows=1 width=32) (actual time=0.002..0.002 rows=1 loops=10)
                             Index Cond: (comment_id = c1_0.id)
                             Buffers: shared hit=40
                       ->  Index Scan using pk_users on users lb1_0  (cost=0.29..8.30 rows=1 width=16) (actual time=0.001..0.001 rows=1 loops=10)
                             Index Cond: (id = cl1_0.liked_by)
                             Filter: (deleted_at IS NULL)
                             Buffers: shared hit=30
 Planning:
   Buffers: shared hit=394 read=3
 Planning Time: 1.868 ms
 Execution Time: 0.140 ms
(36 rows)

Time: 4.204 ms
query=recent_comments repeats
Time: 0.518 ms
Time: 0.437 ms
Time: 0.414 ms
Time: 0.401 ms
Time: 0.441 ms
query=recent_liked_comments explain
                                                                                            QUERY PLAN
--------------------------------------------------------------------------------------------------------------------------------------------------------------------------------------------------
 Limit  (cost=1.83..311.24 rows=10 width=159) (actual time=0.061..0.134 rows=10 loops=1)
   Buffers: shared hit=307
   ->  Nested Loop  (cost=1.83..281310.36 rows=9092 width=159) (actual time=0.061..0.133 rows=10 loops=1)
         Buffers: shared hit=307
         ->  Nested Loop  (cost=1.55..52009.82 rows=9092 width=167) (actual time=0.033..0.063 rows=10 loops=1)
               Buffers: shared hit=114
               ->  Nested Loop  (cost=1.26..49212.86 rows=9184 width=153) (actual time=0.029..0.053 rows=10 loops=1)
                     Buffers: shared hit=84
                     ->  Nested Loop  (cost=0.84..44535.10 rows=9365 width=127) (actual time=0.017..0.031 rows=10 loops=1)
                           Buffers: shared hit=44
                           ->  Index Scan using idx_comment_likes_liked_by_created_id on comment_likes cl1_0  (cost=0.42..12737.50 rows=9840 width=56) (actual time=0.005..0.008 rows=10 loops=1)
                                 Index Cond: (liked_by = '00000001-0000-4000-8000-000000000001'::uuid)
                                 Buffers: shared hit=4
                           ->  Index Scan using pk_comments on comments c1_0  (cost=0.42..3.23 rows=1 width=87) (actual time=0.002..0.002 rows=1 loops=10)
                                 Index Cond: (id = cl1_0.comment_id)
                                 Filter: (deleted_at IS NULL)
                                 Buffers: shared hit=40
                     ->  Index Scan using pk_articles on articles a1_0  (cost=0.42..0.50 rows=1 width=42) (actual time=0.002..0.002 rows=1 loops=10)
                           Index Cond: (id = c1_0.article_id)
                           Filter: (deleted_at IS NULL)
                           Buffers: shared hit=40
               ->  Index Scan using pk_users on users u1_0  (cost=0.29..0.30 rows=1 width=30) (actual time=0.001..0.001 rows=1 loops=10)
                     Index Cond: (id = c1_0.user_id)
                     Filter: (deleted_at IS NULL)
                     Buffers: shared hit=30
         ->  Materialize  (cost=0.29..8.31 rows=1 width=16) (actual time=0.000..0.000 rows=1 loops=10)
               Buffers: shared hit=3
               ->  Index Scan using pk_users on users lb1_0  (cost=0.29..8.30 rows=1 width=16) (actual time=0.002..0.002 rows=1 loops=1)
                     Index Cond: (id = '00000001-0000-4000-8000-000000000001'::uuid)
                     Filter: (deleted_at IS NULL)
                     Buffers: shared hit=3
         SubPlan 1
           ->  Aggregate  (cost=25.20..25.21 rows=1 width=8) (actual time=0.006..0.006 rows=1 loops=10)
                 Buffers: shared hit=190
                 ->  Nested Loop  (cost=1.13..25.19 rows=1 width=16) (actual time=0.003..0.006 rows=2 loops=10)
                       Buffers: shared hit=190
                       ->  Nested Loop  (cost=0.84..16.89 rows=1 width=32) (actual time=0.002..0.004 rows=2 loops=10)
                             Buffers: shared hit=130
                             ->  Index Scan using uk_comment_likes_comment_liked_by on comment_likes cl2_0  (cost=0.42..8.44 rows=1 width=48) (actual time=0.001..0.002 rows=2 loops=10)
                                   Index Cond: (comment_id = c1_0.id)
                                   Buffers: shared hit=50
                             ->  Index Only Scan using pk_comments on comments c2_0  (cost=0.42..8.44 rows=1 width=16) (actual time=0.001..0.001 rows=1 loops=20)
                                   Index Cond: (id = c1_0.id)
                                   Heap Fetches: 20
                                   Buffers: shared hit=80
                       ->  Index Scan using pk_users on users lb2_0  (cost=0.29..8.30 rows=1 width=16) (actual time=0.001..0.001 rows=1 loops=20)
                             Index Cond: (id = cl2_0.liked_by)
                             Filter: (deleted_at IS NULL)
                             Buffers: shared hit=60
 Planning:
   Buffers: shared hit=59
 Planning Time: 0.581 ms
 Execution Time: 0.184 ms
(53 rows)

Time: 1.111 ms
query=recent_liked_comments repeats
Time: 1.025 ms
Time: 1.300 ms
Time: 1.022 ms
Time: 1.172 ms
Time: 0.754 ms
query=recent_article_views explain
                                                                                   QUERY PLAN
--------------------------------------------------------------------------------------------------------------------------------------------------------------------------------
 Limit  (cost=1.13..468.80 rows=10 width=203) (actual time=0.055..0.129 rows=10 loops=1)
   Buffers: shared hit=247
   ->  Nested Loop  (cost=1.13..454488.79 rows=9718 width=203) (actual time=0.054..0.128 rows=10 loops=1)
         Buffers: shared hit=247
         ->  Nested Loop  (cost=0.84..34154.22 rows=9718 width=187) (actual time=0.020..0.032 rows=10 loops=1)
               Buffers: shared hit=44
               ->  Index Scan using idx_article_views_user_viewed_id on article_views av1_0  (cost=0.42..6566.60 rows=9910 width=56) (actual time=0.017..0.019 rows=10 loops=1)
                     Index Cond: (user_id = '00000001-0000-4000-8000-000000000001'::uuid)
                     Buffers: shared hit=4
               ->  Index Scan using pk_articles on articles a1_0  (cost=0.42..2.78 rows=1 width=147) (actual time=0.001..0.001 rows=1 loops=10)
                     Index Cond: (id = av1_0.article_id)
                     Filter: (deleted_at IS NULL)
                     Buffers: shared hit=40
         ->  Materialize  (cost=0.29..8.31 rows=1 width=16) (actual time=0.000..0.000 rows=1 loops=10)
               Buffers: shared hit=3
               ->  Index Scan using pk_users on users u1_0  (cost=0.29..8.30 rows=1 width=16) (actual time=0.002..0.002 rows=1 loops=1)
                     Index Cond: (id = '00000001-0000-4000-8000-000000000001'::uuid)
                     Filter: (deleted_at IS NULL)
                     Buffers: shared hit=3
         SubPlan 1
           ->  Aggregate  (cost=28.07..28.08 rows=1 width=8) (actual time=0.004..0.004 rows=1 loops=10)
                 Buffers: shared hit=110
                 ->  Nested Loop  (cost=0.71..28.07 rows=2 width=16) (actual time=0.002..0.003 rows=2 loops=10)
                       Buffers: shared hit=110
                       ->  Index Scan using idx_comments_article on comments c1_0  (cost=0.42..11.46 rows=2 width=32) (actual time=0.001..0.002 rows=2 loops=10)
                             Index Cond: (article_id = a1_0.id)
                             Filter: (deleted_at IS NULL)
                             Buffers: shared hit=50
                       ->  Index Scan using pk_users on users u2_0  (cost=0.29..8.30 rows=1 width=16) (actual time=0.001..0.001 rows=1 loops=20)
                             Index Cond: (id = c1_0.user_id)
                             Filter: (deleted_at IS NULL)
                             Buffers: shared hit=60
         SubPlan 2
           ->  Aggregate  (cost=15.15..15.16 rows=1 width=8) (actual time=0.005..0.005 rows=1 loops=10)
                 Buffers: shared hit=90
                 ->  Merge Join  (cost=0.71..15.14 rows=2 width=16) (actual time=0.003..0.005 rows=3 loops=10)
                       Merge Cond: (av2_0.user_id = u3_0.id)
                       Buffers: shared hit=90
                       ->  Index Scan using uk_article_views_article_user on article_views av2_0  (cost=0.42..12.33 rows=2 width=32) (actual time=0.002..0.003 rows=3 loops=10)
                             Index Cond: (article_id = a1_0.id)
                             Buffers: shared hit=60
                       ->  Index Scan using pk_users on users u3_0  (cost=0.29..471.29 rows=9900 width=16) (actual time=0.001..0.001 rows=3 loops=10)
                             Filter: (deleted_at IS NULL)
                             Buffers: shared hit=30
 Planning:
   Buffers: shared hit=128
 Planning Time: 0.404 ms
 Execution Time: 0.163 ms
(48 rows)

Time: 0.935 ms
query=recent_article_views repeats
Time: 0.573 ms
Time: 0.519 ms
Time: 0.634 ms
Time: 0.473 ms
Time: 0.508 ms
query=subscribed_interests_main explain
                                                                                QUERY PLAN
--------------------------------------------------------------------------------------------------------------------------------------------------------------------------
 Sort  (cost=4711.66..4711.75 rows=35 width=77) (actual time=1.617..1.620 rows=50 loops=1)
   Sort Key: s1_0.created_at DESC, s1_0.id DESC
   Sort Method: quicksort  Memory: 30kB
   Buffers: shared hit=2476 read=14 dirtied=45
   ->  Nested Loop  (cost=115.66..4710.76 rows=35 width=77) (actual time=0.078..1.594 rows=50 loops=1)
         Buffers: shared hit=2473 read=14 dirtied=45
         ->  Index Scan using pk_users on users u1_0  (cost=0.29..8.30 rows=1 width=16) (actual time=0.002..0.003 rows=1 loops=1)
               Index Cond: (id = '00000001-0000-4000-8000-000000000001'::uuid)
               Filter: (deleted_at IS NULL)
               Buffers: shared hit=3
         ->  Hash Join  (cost=115.38..225.51 rows=35 width=85) (actual time=0.026..0.686 rows=50 loops=1)
               Hash Cond: (i1_0.id = s1_0.interest_id)
               Buffers: shared hit=37 read=14 dirtied=45
               ->  Seq Scan on interests i1_0  (cost=0.00..97.00 rows=5000 width=45) (actual time=0.007..0.449 rows=5000 loops=1)
                     Buffers: shared hit=33 read=14 dirtied=45
               ->  Hash  (cost=114.94..114.94 rows=35 width=56) (actual time=0.014..0.014 rows=50 loops=1)
                     Buckets: 1024  Batches: 1  Memory Usage: 13kB
                     Buffers: shared hit=4
                     ->  Bitmap Heap Scan on subscriptions s1_0  (cost=4.69..114.94 rows=35 width=56) (actual time=0.006..0.008 rows=50 loops=1)
                           Recheck Cond: (user_id = '00000001-0000-4000-8000-000000000001'::uuid)
                           Heap Blocks: exact=1
                           Buffers: shared hit=4
                           ->  Bitmap Index Scan on idx_subscriptions_user_created_id  (cost=0.00..4.68 rows=35 width=0) (actual time=0.003..0.003 rows=50 loops=1)
                                 Index Cond: (user_id = '00000001-0000-4000-8000-000000000001'::uuid)
                                 Buffers: shared hit=3
         SubPlan 1
           ->  Aggregate  (cost=127.89..127.90 rows=1 width=8) (actual time=0.018..0.018 rows=1 loops=50)
                 Buffers: shared hit=2433
                 ->  Nested Loop  (cost=5.06..127.87 rows=10 width=16) (actual time=0.004..0.017 rows=11 loops=50)
                       Buffers: shared hit=2433
                       ->  Index Only Scan using pk_interests on interests i2_0  (cost=0.28..8.30 rows=1 width=16) (actual time=0.001..0.001 rows=1 loops=50)
                             Index Cond: (id = i1_0.id)
                             Heap Fetches: 50
                             Buffers: shared hit=150
                       ->  Nested Loop  (cost=4.78..119.47 rows=10 width=32) (actual time=0.003..0.016 rows=11 loops=50)
                             Buffers: shared hit=2283
                             ->  Bitmap Heap Scan on subscriptions s2_0  (cost=4.49..40.44 rows=10 width=48) (actual time=0.002..0.006 rows=11 loops=50)
                                   Recheck Cond: (interest_id = i1_0.id)
                                   Heap Blocks: exact=498
                                   Buffers: shared hit=648
                                   ->  Bitmap Index Scan on uk_subscriptions_interest_user  (cost=0.00..4.49 rows=10 width=0) (actual time=0.001..0.001 rows=11 loops=50)
                                         Index Cond: (interest_id = i1_0.id)
                                         Buffers: shared hit=150
                             ->  Index Scan using pk_users on users u2_0  (cost=0.29..7.90 rows=1 width=16) (actual time=0.001..0.001 rows=1 loops=545)
                                   Index Cond: (id = s2_0.user_id)
                                   Filter: (deleted_at IS NULL)
                                   Rows Removed by Filter: 0
                                   Buffers: shared hit=1635
 Planning:
   Buffers: shared hit=138
 Planning Time: 0.367 ms
 Execution Time: 1.648 ms
(52 rows)

Time: 2.406 ms
query=subscribed_interests_main repeats
Time: 1.180 ms
Time: 1.200 ms
Time: 1.121 ms
Time: 1.116 ms
Time: 1.171 ms
query=subscribed_interests_keywords explain
                                                                     QUERY PLAN
----------------------------------------------------------------------------------------------------------------------------------------------------
 Bitmap Heap Scan on keywords k1_0  (cost=158.02..233.27 rows=30 width=46) (actual time=0.113..0.134 rows=150 loops=1)
   Recheck Cond: (interest_id = ANY ($0))
   Heap Blocks: exact=4
   Buffers: shared hit=111
   InitPlan 1 (returns $0)
     ->  Bitmap Heap Scan on subscriptions s1_0  (cost=4.69..114.94 rows=35 width=16) (actual time=0.006..0.009 rows=50 loops=1)
           Recheck Cond: (user_id = '00000001-0000-4000-8000-000000000001'::uuid)
           Heap Blocks: exact=1
           Buffers: shared hit=4
           ->  Bitmap Index Scan on idx_subscriptions_user_created_id  (cost=0.00..4.68 rows=35 width=0) (actual time=0.004..0.004 rows=50 loops=1)
                 Index Cond: (user_id = '00000001-0000-4000-8000-000000000001'::uuid)
                 Buffers: shared hit=3
   ->  Bitmap Index Scan on uk_keywords_interest_keyword  (cost=0.00..43.08 rows=30 width=0) (actual time=0.106..0.106 rows=150 loops=1)
         Index Cond: (interest_id = ANY ($0))
         Buffers: shared hit=107
 Planning:
   Buffers: shared hit=41
 Planning Time: 0.115 ms
 Execution Time: 0.148 ms
(19 rows)

Time: 0.630 ms
query=subscribed_interests_keywords repeats
Time: 0.582 ms
Time: 0.369 ms
Time: 0.295 ms
Time: 0.288 ms
Time: 0.299 ms
