time="2026-08-26T02:19:15+09:00" level=warning msg="Found orphan containers ([sb13-monew-team04-postgres-1]) for this project. If you removed or renamed this service in your compose file, you can run this command with the --remove-orphans flag to clean it up."

         /\      Grafana   /?얄?
    /\  /  \     |\  __   /  /
   /  \/    \    | |/ /  /   ?얄?
  /          \   |   (  |  (??  |
 / __________ \  |_|\_\  \_____/

     execution: local
        script: /scripts/activity-history-baseline.js
        output: -

     scenarios: (100.00%) 1 scenario, 500 max VUs, 1m30s max duration (incl. graceful stop):
              * baseline: 100.00 iterations/s for 1m0s (maxVUs: 500, gracefulStop: 30s)


running (0m01.0s), 003/500 VUs, 94 complete and 0 interrupted iterations
baseline   [   2% ] 003/500 VUs  0m01.0s/1m0s  100.00 iters/s

running (0m02.0s), 004/500 VUs, 193 complete and 0 interrupted iterations
baseline   [   3% ] 004/500 VUs  0m02.0s/1m0s  100.00 iters/s

running (0m03.0s), 003/500 VUs, 294 complete and 0 interrupted iterations
baseline   [   5% ] 003/500 VUs  0m03.0s/1m0s  100.00 iters/s

running (0m04.0s), 003/500 VUs, 394 complete and 0 interrupted iterations
baseline   [   7% ] 003/500 VUs  0m04.0s/1m0s  100.00 iters/s

running (0m05.0s), 003/500 VUs, 494 complete and 0 interrupted iterations
baseline   [   8% ] 003/500 VUs  0m05.0s/1m0s  100.00 iters/s

running (0m06.0s), 003/500 VUs, 594 complete and 0 interrupted iterations
baseline   [  10% ] 003/500 VUs  0m06.0s/1m0s  100.00 iters/s

running (0m06.2s), 002/500 VUs, 695 complete and 0 interrupted iterations
baseline   [  12% ] 002/500 VUs  0m07.0s/1m0s  100.00 iters/s

running (0m06.1s), 002/500 VUs, 795 complete and 0 interrupted iterations
baseline   [  13% ] 002/500 VUs  0m08.0s/1m0s  100.00 iters/s

running (0m07.1s), 003/500 VUs, 894 complete and 0 interrupted iterations
baseline   [  15% ] 003/500 VUs  0m09.0s/1m0s  100.00 iters/s

running (0m08.1s), 002/500 VUs, 995 complete and 0 interrupted iterations
baseline   [  17% ] 002/500 VUs  0m10.0s/1m0s  100.00 iters/s

running (0m09.1s), 002/500 VUs, 1095 complete and 0 interrupted iterations
baseline   [  18% ] 002/500 VUs  0m11.0s/1m0s  100.00 iters/s

running (0m10.1s), 002/500 VUs, 1195 complete and 0 interrupted iterations
baseline   [  20% ] 002/500 VUs  0m12.0s/1m0s  100.00 iters/s

running (0m11.1s), 002/500 VUs, 1295 complete and 0 interrupted iterations
baseline   [  22% ] 002/500 VUs  0m13.0s/1m0s  100.00 iters/s

running (0m12.1s), 002/500 VUs, 1395 complete and 0 interrupted iterations
baseline   [  23% ] 002/500 VUs  0m14.0s/1m0s  100.00 iters/s

running (0m13.1s), 002/500 VUs, 1495 complete and 0 interrupted iterations
baseline   [  25% ] 002/500 VUs  0m15.0s/1m0s  100.00 iters/s

running (0m14.1s), 002/500 VUs, 1595 complete and 0 interrupted iterations
baseline   [  27% ] 002/500 VUs  0m16.0s/1m0s  100.00 iters/s

running (0m15.1s), 002/500 VUs, 1695 complete and 0 interrupted iterations
baseline   [  28% ] 002/500 VUs  0m17.0s/1m0s  100.00 iters/s

running (0m16.1s), 002/500 VUs, 1795 complete and 0 interrupted iterations
baseline   [  30% ] 002/500 VUs  0m18.0s/1m0s  100.00 iters/s

running (0m17.1s), 007/500 VUs, 1890 complete and 0 interrupted iterations
baseline   [  32% ] 007/500 VUs  0m19.0s/1m0s  100.00 iters/s

running (0m18.1s), 002/500 VUs, 1995 complete and 0 interrupted iterations
baseline   [  33% ] 002/500 VUs  0m20.0s/1m0s  100.00 iters/s

running (0m19.1s), 002/500 VUs, 2095 complete and 0 interrupted iterations
baseline   [  35% ] 002/500 VUs  0m21.0s/1m0s  100.00 iters/s

running (0m20.1s), 002/500 VUs, 2195 complete and 0 interrupted iterations
baseline   [  37% ] 002/500 VUs  0m22.0s/1m0s  100.00 iters/s

running (0m21.1s), 003/500 VUs, 2294 complete and 0 interrupted iterations
baseline   [  38% ] 003/500 VUs  0m23.0s/1m0s  100.00 iters/s

running (0m22.1s), 002/500 VUs, 2395 complete and 0 interrupted iterations
baseline   [  40% ] 002/500 VUs  0m24.0s/1m0s  100.00 iters/s

running (0m23.1s), 002/500 VUs, 2495 complete and 0 interrupted iterations
baseline   [  42% ] 002/500 VUs  0m25.0s/1m0s  100.00 iters/s

running (0m24.1s), 002/500 VUs, 2595 complete and 0 interrupted iterations
baseline   [  43% ] 002/500 VUs  0m26.0s/1m0s  100.00 iters/s

running (0m25.1s), 002/500 VUs, 2695 complete and 0 interrupted iterations
baseline   [  45% ] 002/500 VUs  0m27.0s/1m0s  100.00 iters/s

running (0m26.1s), 002/500 VUs, 2795 complete and 0 interrupted iterations
baseline   [  47% ] 002/500 VUs  0m28.0s/1m0s  100.00 iters/s

running (0m27.1s), 003/500 VUs, 2894 complete and 0 interrupted iterations
baseline   [  48% ] 003/500 VUs  0m29.0s/1m0s  100.00 iters/s

running (0m28.1s), 002/500 VUs, 2995 complete and 0 interrupted iterations
baseline   [  50% ] 002/500 VUs  0m30.0s/1m0s  100.00 iters/s

running (0m29.1s), 003/500 VUs, 3094 complete and 0 interrupted iterations
baseline   [  52% ] 003/500 VUs  0m31.0s/1m0s  100.00 iters/s

running (0m30.1s), 002/500 VUs, 3195 complete and 0 interrupted iterations
baseline   [  53% ] 002/500 VUs  0m32.0s/1m0s  100.00 iters/s

running (0m31.1s), 002/500 VUs, 3295 complete and 0 interrupted iterations
baseline   [  55% ] 002/500 VUs  0m33.0s/1m0s  100.00 iters/s

running (0m32.1s), 002/500 VUs, 3395 complete and 0 interrupted iterations
baseline   [  57% ] 002/500 VUs  0m34.0s/1m0s  100.00 iters/s

running (0m33.1s), 002/500 VUs, 3495 complete and 0 interrupted iterations
baseline   [  58% ] 002/500 VUs  0m35.0s/1m0s  100.00 iters/s

running (0m34.1s), 002/500 VUs, 3595 complete and 0 interrupted iterations
baseline   [  60% ] 002/500 VUs  0m36.0s/1m0s  100.00 iters/s

running (0m34.3s), 002/500 VUs, 3695 complete and 0 interrupted iterations
baseline   [  62% ] 002/500 VUs  0m37.0s/1m0s  100.00 iters/s

running (0m34.2s), 002/500 VUs, 3795 complete and 0 interrupted iterations
baseline   [  63% ] 002/500 VUs  0m38.0s/1m0s  100.00 iters/s

running (0m35.2s), 002/500 VUs, 3895 complete and 0 interrupted iterations
baseline   [  65% ] 002/500 VUs  0m39.0s/1m0s  100.00 iters/s

running (0m36.2s), 002/500 VUs, 3995 complete and 0 interrupted iterations
baseline   [  67% ] 002/500 VUs  0m40.0s/1m0s  100.00 iters/s

running (0m37.2s), 002/500 VUs, 4095 complete and 0 interrupted iterations
baseline   [  68% ] 002/500 VUs  0m41.0s/1m0s  100.00 iters/s

running (0m38.2s), 002/500 VUs, 4195 complete and 0 interrupted iterations
baseline   [  70% ] 002/500 VUs  0m42.0s/1m0s  100.00 iters/s

running (0m39.2s), 003/500 VUs, 4294 complete and 0 interrupted iterations
baseline   [  72% ] 003/500 VUs  0m43.0s/1m0s  100.00 iters/s

running (0m40.2s), 002/500 VUs, 4395 complete and 0 interrupted iterations
baseline   [  73% ] 002/500 VUs  0m44.0s/1m0s  100.00 iters/s

running (0m41.2s), 002/500 VUs, 4495 complete and 0 interrupted iterations
baseline   [  75% ] 002/500 VUs  0m45.0s/1m0s  100.00 iters/s

running (0m42.2s), 002/500 VUs, 4595 complete and 0 interrupted iterations
baseline   [  77% ] 002/500 VUs  0m46.0s/1m0s  100.00 iters/s

running (0m43.2s), 002/500 VUs, 4695 complete and 0 interrupted iterations
baseline   [  78% ] 002/500 VUs  0m47.0s/1m0s  100.00 iters/s

running (0m44.2s), 002/500 VUs, 4795 complete and 0 interrupted iterations
baseline   [  80% ] 002/500 VUs  0m48.0s/1m0s  100.00 iters/s

running (0m45.2s), 002/500 VUs, 4895 complete and 0 interrupted iterations
baseline   [  82% ] 002/500 VUs  0m49.0s/1m0s  100.00 iters/s

running (0m46.2s), 002/500 VUs, 4995 complete and 0 interrupted iterations
baseline   [  83% ] 002/500 VUs  0m50.0s/1m0s  100.00 iters/s

running (0m47.2s), 002/500 VUs, 5095 complete and 0 interrupted iterations
baseline   [  85% ] 002/500 VUs  0m51.0s/1m0s  100.00 iters/s

running (0m48.2s), 002/500 VUs, 5195 complete and 0 interrupted iterations
baseline   [  87% ] 002/500 VUs  0m52.0s/1m0s  100.00 iters/s

running (0m49.2s), 002/500 VUs, 5295 complete and 0 interrupted iterations
baseline   [  88% ] 002/500 VUs  0m53.0s/1m0s  100.00 iters/s

running (0m50.2s), 002/500 VUs, 5395 complete and 0 interrupted iterations
baseline   [  90% ] 002/500 VUs  0m54.0s/1m0s  100.00 iters/s

running (0m51.2s), 002/500 VUs, 5495 complete and 0 interrupted iterations
baseline   [  92% ] 002/500 VUs  0m55.0s/1m0s  100.00 iters/s

running (0m52.2s), 002/500 VUs, 5595 complete and 0 interrupted iterations
baseline   [  93% ] 002/500 VUs  0m56.0s/1m0s  100.00 iters/s

running (0m53.2s), 002/500 VUs, 5695 complete and 0 interrupted iterations
baseline   [  95% ] 002/500 VUs  0m57.0s/1m0s  100.00 iters/s

running (0m54.2s), 002/500 VUs, 5795 complete and 0 interrupted iterations
baseline   [  97% ] 002/500 VUs  0m58.0s/1m0s  100.00 iters/s

running (0m55.2s), 002/500 VUs, 5895 complete and 0 interrupted iterations
baseline   [  98% ] 002/500 VUs  0m59.0s/1m0s  100.00 iters/s

running (0m56.2s), 002/500 VUs, 5995 complete and 0 interrupted iterations
baseline   [ 100% ] 002/500 VUs  1m00.0s/1m0s  100.00 iters/s
Activity history k6 summary
scenario: baseline
url: http://host.docker.internal:8080/api/user-activities/00000001-0000-4000-8000-000000000001
targetUserId: 00000001-0000-4000-8000-000000000001
summaryPath: /results/mid4-179-rdb-throughput-limit/activity-history-100rps-summary.json
requests: 6001
rps: 106.60
droppedIterations: 0
errorRate: 0.00%
duration.avg: 19.49 ms
duration.p95: 25.11 ms
duration.p99: 29.38 ms
checksRate: 100.00%

running (0m56.3s), 000/500 VUs, 6001 complete and 0 interrupted iterations
baseline ??[ 100% ] 000/500 VUs  1m0s  100.00 iters/s
