time="2026-08-26T02:18:11+09:00" level=warning msg="Found orphan containers ([sb13-monew-team04-postgres-1]) for this project. If you removed or renamed this service in your compose file, you can run this command with the --remove-orphans flag to clean it up."

         /\      Grafana   /?얄?
    /\  /  \     |\  __   /  /
   /  \/    \    | |/ /  /   ?얄?
  /          \   |   (  |  (??  |
 / __________ \  |_|\_\  \_____/

     execution: local
        script: /scripts/activity-history-baseline.js
        output: -

     scenarios: (100.00%) 1 scenario, 500 max VUs, 1m30s max duration (incl. graceful stop):
              * baseline: 50.00 iterations/s for 1m0s (maxVUs: 500, gracefulStop: 30s)


running (0m01.0s), 001/500 VUs, 47 complete and 0 interrupted iterations
baseline   [   2% ] 001/500 VUs  0m01.0s/1m0s  50.00 iters/s

running (0m02.0s), 001/500 VUs, 97 complete and 0 interrupted iterations
baseline   [   3% ] 001/500 VUs  0m02.0s/1m0s  50.00 iters/s

running (0m03.0s), 001/500 VUs, 147 complete and 0 interrupted iterations
baseline   [   5% ] 001/500 VUs  0m03.0s/1m0s  50.00 iters/s

running (0m04.0s), 001/500 VUs, 197 complete and 0 interrupted iterations
baseline   [   7% ] 001/500 VUs  0m04.0s/1m0s  50.00 iters/s

running (0m05.0s), 001/500 VUs, 247 complete and 0 interrupted iterations
baseline   [   8% ] 001/500 VUs  0m05.0s/1m0s  50.00 iters/s

running (0m06.0s), 001/500 VUs, 297 complete and 0 interrupted iterations
baseline   [  10% ] 001/500 VUs  0m06.0s/1m0s  50.00 iters/s

running (0m07.0s), 001/500 VUs, 347 complete and 0 interrupted iterations
baseline   [  12% ] 001/500 VUs  0m07.0s/1m0s  50.00 iters/s

running (0m08.0s), 001/500 VUs, 397 complete and 0 interrupted iterations
baseline   [  13% ] 001/500 VUs  0m08.0s/1m0s  50.00 iters/s

running (0m09.0s), 001/500 VUs, 447 complete and 0 interrupted iterations
baseline   [  15% ] 001/500 VUs  0m09.0s/1m0s  50.00 iters/s

running (0m10.0s), 001/500 VUs, 497 complete and 0 interrupted iterations
baseline   [  17% ] 001/500 VUs  0m10.0s/1m0s  50.00 iters/s

running (0m11.0s), 001/500 VUs, 547 complete and 0 interrupted iterations
baseline   [  18% ] 001/500 VUs  0m11.0s/1m0s  50.00 iters/s

running (0m12.0s), 001/500 VUs, 597 complete and 0 interrupted iterations
baseline   [  20% ] 001/500 VUs  0m12.0s/1m0s  50.00 iters/s

running (0m13.0s), 001/500 VUs, 647 complete and 0 interrupted iterations
baseline   [  22% ] 001/500 VUs  0m13.0s/1m0s  50.00 iters/s

running (0m14.0s), 001/500 VUs, 697 complete and 0 interrupted iterations
baseline   [  23% ] 001/500 VUs  0m14.0s/1m0s  50.00 iters/s

running (0m14.2s), 001/500 VUs, 747 complete and 0 interrupted iterations
baseline   [  25% ] 001/500 VUs  0m15.0s/1m0s  50.00 iters/s

running (0m14.1s), 001/500 VUs, 797 complete and 0 interrupted iterations
baseline   [  27% ] 001/500 VUs  0m16.0s/1m0s  50.00 iters/s

running (0m15.1s), 001/500 VUs, 847 complete and 0 interrupted iterations
baseline   [  28% ] 001/500 VUs  0m17.0s/1m0s  50.00 iters/s

running (0m16.1s), 001/500 VUs, 897 complete and 0 interrupted iterations
baseline   [  30% ] 001/500 VUs  0m18.0s/1m0s  50.00 iters/s

running (0m17.1s), 001/500 VUs, 947 complete and 0 interrupted iterations
baseline   [  32% ] 001/500 VUs  0m19.0s/1m0s  50.00 iters/s

running (0m18.1s), 001/500 VUs, 997 complete and 0 interrupted iterations
baseline   [  33% ] 001/500 VUs  0m20.0s/1m0s  50.00 iters/s

running (0m19.1s), 001/500 VUs, 1047 complete and 0 interrupted iterations
baseline   [  35% ] 001/500 VUs  0m21.0s/1m0s  50.00 iters/s

running (0m20.1s), 001/500 VUs, 1097 complete and 0 interrupted iterations
baseline   [  37% ] 001/500 VUs  0m22.0s/1m0s  50.00 iters/s

running (0m21.1s), 001/500 VUs, 1147 complete and 0 interrupted iterations
baseline   [  38% ] 001/500 VUs  0m23.0s/1m0s  50.00 iters/s

running (0m22.1s), 001/500 VUs, 1197 complete and 0 interrupted iterations
baseline   [  40% ] 001/500 VUs  0m24.0s/1m0s  50.00 iters/s

running (0m23.1s), 001/500 VUs, 1247 complete and 0 interrupted iterations
baseline   [  42% ] 001/500 VUs  0m25.0s/1m0s  50.00 iters/s

running (0m24.1s), 001/500 VUs, 1297 complete and 0 interrupted iterations
baseline   [  43% ] 001/500 VUs  0m26.0s/1m0s  50.00 iters/s

running (0m25.1s), 001/500 VUs, 1347 complete and 0 interrupted iterations
baseline   [  45% ] 001/500 VUs  0m27.0s/1m0s  50.00 iters/s

running (0m26.1s), 001/500 VUs, 1397 complete and 0 interrupted iterations
baseline   [  47% ] 001/500 VUs  0m28.0s/1m0s  50.00 iters/s

running (0m27.1s), 001/500 VUs, 1447 complete and 0 interrupted iterations
baseline   [  48% ] 001/500 VUs  0m29.0s/1m0s  50.00 iters/s

running (0m28.1s), 001/500 VUs, 1497 complete and 0 interrupted iterations
baseline   [  50% ] 001/500 VUs  0m30.0s/1m0s  50.00 iters/s

running (0m29.1s), 001/500 VUs, 1547 complete and 0 interrupted iterations
baseline   [  52% ] 001/500 VUs  0m31.0s/1m0s  50.00 iters/s

running (0m30.1s), 001/500 VUs, 1597 complete and 0 interrupted iterations
baseline   [  53% ] 001/500 VUs  0m32.0s/1m0s  50.00 iters/s

running (0m31.1s), 001/500 VUs, 1647 complete and 0 interrupted iterations
baseline   [  55% ] 001/500 VUs  0m33.0s/1m0s  50.00 iters/s

running (0m32.1s), 001/500 VUs, 1697 complete and 0 interrupted iterations
baseline   [  57% ] 001/500 VUs  0m34.0s/1m0s  50.00 iters/s

running (0m33.1s), 001/500 VUs, 1747 complete and 0 interrupted iterations
baseline   [  58% ] 001/500 VUs  0m35.0s/1m0s  50.00 iters/s

running (0m34.1s), 001/500 VUs, 1797 complete and 0 interrupted iterations
baseline   [  60% ] 001/500 VUs  0m36.0s/1m0s  50.00 iters/s

running (0m35.1s), 001/500 VUs, 1847 complete and 0 interrupted iterations
baseline   [  62% ] 001/500 VUs  0m37.0s/1m0s  50.00 iters/s

running (0m36.1s), 001/500 VUs, 1897 complete and 0 interrupted iterations
baseline   [  63% ] 001/500 VUs  0m38.0s/1m0s  50.00 iters/s

running (0m37.1s), 001/500 VUs, 1947 complete and 0 interrupted iterations
baseline   [  65% ] 001/500 VUs  0m39.0s/1m0s  50.00 iters/s

running (0m38.1s), 001/500 VUs, 1997 complete and 0 interrupted iterations
baseline   [  67% ] 001/500 VUs  0m40.0s/1m0s  50.00 iters/s

running (0m39.1s), 001/500 VUs, 2047 complete and 0 interrupted iterations
baseline   [  68% ] 001/500 VUs  0m41.0s/1m0s  50.00 iters/s

running (0m40.1s), 001/500 VUs, 2097 complete and 0 interrupted iterations
baseline   [  70% ] 001/500 VUs  0m42.0s/1m0s  50.00 iters/s

running (0m41.1s), 001/500 VUs, 2147 complete and 0 interrupted iterations
baseline   [  72% ] 001/500 VUs  0m43.0s/1m0s  50.00 iters/s

running (0m42.1s), 001/500 VUs, 2197 complete and 0 interrupted iterations
baseline   [  73% ] 001/500 VUs  0m44.0s/1m0s  50.00 iters/s

running (0m42.4s), 001/500 VUs, 2247 complete and 0 interrupted iterations
baseline   [  75% ] 001/500 VUs  0m45.0s/1m0s  50.00 iters/s

running (0m42.2s), 001/500 VUs, 2297 complete and 0 interrupted iterations
baseline   [  77% ] 001/500 VUs  0m46.0s/1m0s  50.00 iters/s

running (0m43.2s), 001/500 VUs, 2347 complete and 0 interrupted iterations
baseline   [  78% ] 001/500 VUs  0m47.0s/1m0s  50.00 iters/s

running (0m44.2s), 001/500 VUs, 2397 complete and 0 interrupted iterations
baseline   [  80% ] 001/500 VUs  0m48.0s/1m0s  50.00 iters/s

running (0m45.2s), 001/500 VUs, 2447 complete and 0 interrupted iterations
baseline   [  82% ] 001/500 VUs  0m49.0s/1m0s  50.00 iters/s

running (0m46.2s), 001/500 VUs, 2497 complete and 0 interrupted iterations
baseline   [  83% ] 001/500 VUs  0m50.0s/1m0s  50.00 iters/s

running (0m47.2s), 001/500 VUs, 2547 complete and 0 interrupted iterations
baseline   [  85% ] 001/500 VUs  0m51.0s/1m0s  50.00 iters/s

running (0m48.2s), 000/500 VUs, 2598 complete and 0 interrupted iterations
baseline   [  87% ] 000/500 VUs  0m52.0s/1m0s  50.00 iters/s

running (0m49.2s), 001/500 VUs, 2647 complete and 0 interrupted iterations
baseline   [  88% ] 001/500 VUs  0m53.0s/1m0s  50.00 iters/s

running (0m50.2s), 001/500 VUs, 2697 complete and 0 interrupted iterations
baseline   [  90% ] 001/500 VUs  0m54.0s/1m0s  50.00 iters/s

running (0m51.2s), 001/500 VUs, 2747 complete and 0 interrupted iterations
baseline   [  92% ] 001/500 VUs  0m55.0s/1m0s  50.00 iters/s

running (0m52.2s), 000/500 VUs, 2798 complete and 0 interrupted iterations
baseline   [  93% ] 000/500 VUs  0m56.0s/1m0s  50.00 iters/s

running (0m53.2s), 000/500 VUs, 2848 complete and 0 interrupted iterations
baseline   [  95% ] 000/500 VUs  0m57.0s/1m0s  50.00 iters/s

running (0m54.2s), 000/500 VUs, 2898 complete and 0 interrupted iterations
baseline   [  97% ] 000/500 VUs  0m58.0s/1m0s  50.00 iters/s

running (0m55.2s), 000/500 VUs, 2948 complete and 0 interrupted iterations
baseline   [  98% ] 000/500 VUs  0m59.0s/1m0s  50.00 iters/s

running (0m56.2s), 000/500 VUs, 2998 complete and 0 interrupted iterations
baseline   [ 100% ] 000/500 VUs  1m00.0s/1m0s  50.00 iters/s
Activity history k6 summary
scenario: baseline
url: http://host.docker.internal:8080/api/user-activities/00000001-0000-4000-8000-000000000001
targetUserId: 00000001-0000-4000-8000-000000000001
summaryPath: /results/mid4-179-rdb-throughput-limit/activity-history-50rps-summary.json
requests: 3001
rps: 53.31
droppedIterations: 0
errorRate: 0.00%
duration.avg: 19.86 ms
duration.p95: 24.98 ms
duration.p99: 29.29 ms
checksRate: 100.00%

running (0m56.3s), 000/500 VUs, 3001 complete and 0 interrupted iterations
baseline ??[ 100% ] 000/500 VUs  1m0s  50.00 iters/s
